
> hospital-management-system-frontend@1.0.0 build
> vite build

[36mvite v6.4.1 [32mbuilding for production...[36m[39m
transforming...
[32mΓ£ô[39m 27 modules transformed.
node.exe : 
[31mΓ£ù[39m Build 
failed in 332ms
At line:1 char:1
+ & "C:\Program 
Files\nodejs/node.exe" 
"C:\Program 
Files\nodejs/node_mo 
...
+ ~~~~~~~~~~~~~~~~~~~~~
~~~~~~~~~~~~~~~~~~~~~~~
~~~~~~~~~~~~~~~~~~~~~~~
~~
    + CategoryInfo     
         : NotSpecifi  
  ed: ([31mΓ£ù[39m   
  Build failed in 3    
32ms:String) [], R    
emoteException
    + FullyQualifiedEr 
   rorId : NativeComm  
  andError
 
[31merror during 
build:
[31m[vite:esbuild] 
Transform failed with 
1 error:
C:/Users/User/Desktop/n
ewhms/E-Swasthya-Hospit
al-Management-System--M
entorship-Project/src/p
ages/doctor/DoctorDashb
oard.jsx:1:0: ERROR: 
Unexpected "<<"[31m
file: [36mC:/Users/Use
r/Desktop/newhms/E-Swas
thya-Hospital-Managemen
t-System--Mentorship-Pr
oject/src/pages/doctor/
DoctorDashboard.jsx:1:0
[31m
[33m
[33mUnexpected 
"<<"[33m
1  |  <<<<<<< HEAD
   |  ^
2  |  import {
3  |      ArcElement,
[31m
    at 
failureErrorWithLog (C:
\Users\User\Desktop\new
hms\E-Swasthya-Hospital
-Management-System--Men
torship-Project\node_mo
dules\esbuild\lib\main.
js:1467:15)
    at C:\Users\User\De
sktop\newhms\E-Swasthya
-Hospital-Management-Sy
stem--Mentorship-Projec
t\node_modules\esbuild\
lib\main.js:736:50
    at responseCallback
s.<computed> (C:\Users\
User\Desktop\newhms\E-S
wasthya-Hospital-Manage
ment-System--Mentorship
-Project\node_modules\e
sbuild\lib\main.js:603:
9)
    at 
handleIncomingPacket (C
:\Users\User\Desktop\ne
whms\E-Swasthya-Hospita
l-Management-System--Me
ntorship-Project\node_m
odules\esbuild\lib\main
.js:658:12)
    at 
Socket.readFromStdout (
C:\Users\User\Desktop\n
ewhms\E-Swasthya-Hospit
al-Management-System--M
entorship-Project\node_
modules\esbuild\lib\mai
n.js:581:7)
    at Socket.emit 
(node:events:508:28)
    at addChunk (node:i
nternal/streams/readabl
e:559:12)
    at readableAddChunk
PushByteMode (node:inte
rnal/streams/readable:5
10:3)
    at Readable.push (n
ode:internal/streams/re
adable:390:5)
    at 
Pipe.onStreamRead (node
:internal/stream_base_c
ommons:189:23)[39m
